[ModelDataStructure]
0=blkStateChange
120=zCCacheNeedsReset
19=derivCacheNeedsReset
[Parameter]
0=my_pv_system_3_ss_calculation/SS_calculation/Mean/Model/Gain1|Gain|sps.K2|Scalar|0|1|1|0.0|Gain|
1=my_pv_system_3_ss_calculation/SS_calculation/Mean/Model/Gain|Gain|sps.K1|Scalar|0|1|1|0.0|Gain|
10=my_pv_system_3_ss_calculation/SS_calculation/zzzOpComm/Receive_1/S-Function|P1|src|Scalar|0|1|1|1.0|S-Function recv_rt|
11=my_pv_system_3_ss_calculation/SS_calculation/zzzOpComm/Receive_1/S-Function|P2Size| |RVector|0|1|2|1.0|1.0|S-Function recv_rt|
12=my_pv_system_3_ss_calculation/SS_calculation/zzzOpComm/Receive_1/S-Function|P2|Data_width|Scalar|0|1|1|4.0|S-Function recv_rt|
13=my_pv_system_3_ss_calculation/SS_calculation/zzzOpComm/Receive_1/S-Function|P3Size| |RVector|0|1|2|1.0|1.0|S-Function recv_rt|
14=my_pv_system_3_ss_calculation/SS_calculation/zzzOpComm/Receive_1/S-Function|P3|st|Scalar|0|1|1|5.0E-5|S-Function recv_rt|
15=my_pv_system_3_ss_calculation/SS_calculation/Mean/Model/Integ4|gainval| |Scalar|0|1|1|2.5E-5|DiscreteIntegrator|
16=my_pv_system_3_ss_calculation/SS_calculation/Mean/Model/Integ4|InitialCondition|0|Scalar|0|1|1|0.0|DiscreteIntegrator|
17=my_pv_system_3_ss_calculation/SS_calculation/Mean/Model/K1|Value|sps.Delay|Scalar|0|1|1|0.02|Constant|
18=my_pv_system_3_ss_calculation/SS_calculation/Mean/Model/Discrete Variable Time Delay/S-Function|P1Size| |RVector|0|1|2|1.0|1.0|S-Function sfun_discreteVariableDelay|
19=my_pv_system_3_ss_calculation/SS_calculation/Mean/Model/Discrete Variable Time Delay/S-Function|P1|MaxDelay|Scalar|0|1|1|0.0201|S-Function sfun_discreteVariableDelay|
2=my_pv_system_3_ss_calculation/SS_calculation/Mean1/Model/Gain1|Gain|sps.K2|Scalar|0|1|1|0.0|Gain|
20=my_pv_system_3_ss_calculation/SS_calculation/Mean/Model/Discrete Variable Time Delay/S-Function|P2Size| |RVector|0|1|2|1.0|1.0|S-Function sfun_discreteVariableDelay|
21=my_pv_system_3_ss_calculation/SS_calculation/Mean/Model/Discrete Variable Time Delay/S-Function|P2|Ts|Scalar|0|1|1|5.0E-5|S-Function sfun_discreteVariableDelay|
22=my_pv_system_3_ss_calculation/SS_calculation/Mean/Model/Discrete Variable Time Delay/S-Function|P3Size| |RVector|0|1|2|1.0|1.0|S-Function sfun_discreteVariableDelay|
23=my_pv_system_3_ss_calculation/SS_calculation/Mean/Model/Discrete Variable Time Delay/S-Function|P3|InitialValue|Scalar|0|1|1|0.0|S-Function sfun_discreteVariableDelay|
24=my_pv_system_3_ss_calculation/SS_calculation/Mean/Model/Discrete Variable Time Delay/S-Function|P4Size| |RVector|0|1|2|1.0|1.0|S-Function sfun_discreteVariableDelay|
25=my_pv_system_3_ss_calculation/SS_calculation/Mean/Model/Discrete Variable Time Delay/S-Function|P4|DFT|Scalar|0|1|1|1.0|S-Function sfun_discreteVariableDelay|
26=my_pv_system_3_ss_calculation/SS_calculation/Mean/Model/Unit Delay|InitialCondition|0|Scalar|0|1|1|0.0|UnitDelay|
27=my_pv_system_3_ss_calculation/SS_calculation/Mean/Model/K2|Value|sps.Freq|Scalar|0|1|1|50.0|Constant|
28=my_pv_system_3_ss_calculation/SS_calculation/Mean/Model/Unit Delay1|InitialCondition|sps.Vinit|Scalar|0|1|1|406.0|UnitDelay|
29=my_pv_system_3_ss_calculation/SS_calculation/Mean1/Model/Integ4|gainval| |Scalar|0|1|1|2.5E-5|DiscreteIntegrator|
3=my_pv_system_3_ss_calculation/SS_calculation/Mean1/Model/Gain|Gain|sps.K1|Scalar|0|1|1|0.0|Gain|
30=my_pv_system_3_ss_calculation/SS_calculation/Mean1/Model/Integ4|InitialCondition|0|Scalar|0|1|1|0.0|DiscreteIntegrator|
31=my_pv_system_3_ss_calculation/SS_calculation/Mean1/Model/K1|Value|sps.Delay|Scalar|0|1|1|0.02|Constant|
32=my_pv_system_3_ss_calculation/SS_calculation/Mean1/Model/Discrete Variable Time Delay/S-Function|P1Size| |RVector|0|1|2|1.0|1.0|S-Function sfun_discreteVariableDelay|
33=my_pv_system_3_ss_calculation/SS_calculation/Mean1/Model/Discrete Variable Time Delay/S-Function|P1|MaxDelay|Scalar|0|1|1|0.0201|S-Function sfun_discreteVariableDelay|
34=my_pv_system_3_ss_calculation/SS_calculation/Mean1/Model/Discrete Variable Time Delay/S-Function|P2Size| |RVector|0|1|2|1.0|1.0|S-Function sfun_discreteVariableDelay|
35=my_pv_system_3_ss_calculation/SS_calculation/Mean1/Model/Discrete Variable Time Delay/S-Function|P2|Ts|Scalar|0|1|1|5.0E-5|S-Function sfun_discreteVariableDelay|
36=my_pv_system_3_ss_calculation/SS_calculation/Mean1/Model/Discrete Variable Time Delay/S-Function|P3Size| |RVector|0|1|2|1.0|1.0|S-Function sfun_discreteVariableDelay|
37=my_pv_system_3_ss_calculation/SS_calculation/Mean1/Model/Discrete Variable Time Delay/S-Function|P3|InitialValue|Scalar|0|1|1|0.0|S-Function sfun_discreteVariableDelay|
38=my_pv_system_3_ss_calculation/SS_calculation/Mean1/Model/Discrete Variable Time Delay/S-Function|P4Size| |RVector|0|1|2|1.0|1.0|S-Function sfun_discreteVariableDelay|
39=my_pv_system_3_ss_calculation/SS_calculation/Mean1/Model/Discrete Variable Time Delay/S-Function|P4|DFT|Scalar|0|1|1|1.0|S-Function sfun_discreteVariableDelay|
4=my_pv_system_3_ss_calculation/OpCCode_do_not_touch/S-Function1|Value|0|Scalar|0|1|1|0.0|Constant|
40=my_pv_system_3_ss_calculation/SS_calculation/Mean1/Model/Unit Delay|InitialCondition|0|Scalar|0|1|1|0.0|UnitDelay|
41=my_pv_system_3_ss_calculation/SS_calculation/Mean1/Model/K2|Value|sps.Freq|Scalar|0|1|1|50.0|Constant|
42=my_pv_system_3_ss_calculation/SS_calculation/Mean1/Model/Unit Delay1|InitialCondition|sps.Vinit|Scalar|0|1|1|8.05|UnitDelay|
5=my_pv_system_3_ss_calculation/OpCCode_do_not_touch/S-Function|X0|0|Scalar|0|1|1|0.0|Memory|
6=my_pv_system_3_ss_calculation/SS_calculation/Memory|X0|0|Scalar|0|1|1|0.0|Memory|
7=my_pv_system_3_ss_calculation/SS_calculation/rtlab_send_subsystem/Subsystem1/Send1/S-Function|P1Size| |RVector|0|1|2|1.0|1.0|S-Function OP_SEND|
8=my_pv_system_3_ss_calculation/SS_calculation/rtlab_send_subsystem/Subsystem1/Send1/S-Function|P1|Acqu_group|Scalar|0|1|1|1.0|S-Function OP_SEND|
9=my_pv_system_3_ss_calculation/SS_calculation/zzzOpComm/Receive_1/S-Function|P1Size| |RVector|0|1|2|1.0|1.0|S-Function recv_rt|
nbParameters=43
[Signal]
0=my_pv_system_3_ss_calculation/OpCCode_do_not_touch/S-Function|NULL|0|1|1|1|S|Memory|0|
1=my_pv_system_3_ss_calculation/OpCCode_do_not_touch/Sum|NULL|1|1|1|1|S|Sum|0|
10=my_pv_system_3_ss_calculation/SS_calculation/Mean/Model/Switch|NULL|10|1|1|1|S|Switch|0|
11=my_pv_system_3_ss_calculation/SS_calculation/Mean1/Model/Digital  Clock|NULL|11|1|1|1|S|DigitalClock|0|
12=my_pv_system_3_ss_calculation/SS_calculation/Mean1/Model/Integ4|NULL|12|1|1|1|S|DiscreteIntegrator|0|
13=my_pv_system_3_ss_calculation/SS_calculation/Mean1/Model/K1|NULL|13|1|1|1|S|Constant|0|
14=my_pv_system_3_ss_calculation/SS_calculation/Mean1/Model/Discrete Variable Time Delay/S-Function|NULL|14|1|1|1|S|S-Function sfun_discreteVariableDelay|0|
15=my_pv_system_3_ss_calculation/SS_calculation/Mean1/Model/Unit Delay|NULL|15|1|1|1|S|UnitDelay|0|
16=my_pv_system_3_ss_calculation/SS_calculation/Mean1/Model/Unit Delay1|NULL|16|1|1|1|S|UnitDelay|0|
17=my_pv_system_3_ss_calculation/SS_calculation/Mean1/Model/Switch|NULL|17|1|1|1|S|Switch|0|
18=my_pv_system_3_ss_calculation/SS_calculation/Product|Pmean|18|1|1|1|S|Product|0|
19=my_pv_system_3_ss_calculation/SS_calculation/Mean1/Model/Gain1|NULL|19|1|1|1|S|Gain|0|
2=my_pv_system_3_ss_calculation/SS_calculation/Memory|NULL|2|3|3|1|V|Memory|0|
20=my_pv_system_3_ss_calculation/SS_calculation/Mean1/Model/Gain|NULL|20|1|1|1|S|Gain|0|
21=my_pv_system_3_ss_calculation/SS_calculation/Mean1/Model/Sum1|Correction|21|1|1|1|S|Sum|0|
22=my_pv_system_3_ss_calculation/SS_calculation/Mean1/Model/Sum7|NULL|22|1|1|1|S|Sum|0|
23=my_pv_system_3_ss_calculation/SS_calculation/Mean1/Model/Product|Mean|23|1|1|1|S|Product|0|
24=my_pv_system_3_ss_calculation/SS_calculation/Mean1/Model/Sum5|NULL|24|1|1|1|S|Sum|0|
25=my_pv_system_3_ss_calculation/SS_calculation/Mean/Model/Gain1|NULL|25|1|1|1|S|Gain|0|
26=my_pv_system_3_ss_calculation/SS_calculation/Mean/Model/Gain|NULL|26|1|1|1|S|Gain|0|
27=my_pv_system_3_ss_calculation/SS_calculation/Mean/Model/Sum1|Correction|27|1|1|1|S|Sum|0|
28=my_pv_system_3_ss_calculation/SS_calculation/Mean/Model/Sum7|NULL|28|1|1|1|S|Sum|0|
29=my_pv_system_3_ss_calculation/SS_calculation/Mean/Model/Product|Mean|29|1|1|1|S|Product|0|
3=my_pv_system_3_ss_calculation/SS_calculation/Mean/Model/Digital  Clock|NULL|3|1|1|1|S|DigitalClock|0|
30=my_pv_system_3_ss_calculation/SS_calculation/Mean/Model/Sum5|NULL|30|1|1|1|S|Sum|0|
31=my_pv_system_3_ss_calculation/SS_calculation/Mean/Model/Relational Operator|NULL|31|1|1|1|S|RelationalOperator|8|
32=my_pv_system_3_ss_calculation/SS_calculation/Mean1/Model/Relational Operator|NULL|32|1|1|1|S|RelationalOperator|8|
4=my_pv_system_3_ss_calculation/SS_calculation/zzzOpComm/Receive_1/S-Function|NULL|4|4|4|1|V|S-Function recv_rt|0|
5=my_pv_system_3_ss_calculation/SS_calculation/Mean/Model/Integ4|NULL|5|1|1|1|S|DiscreteIntegrator|0|
6=my_pv_system_3_ss_calculation/SS_calculation/Mean/Model/K1|NULL|6|1|1|1|S|Constant|0|
7=my_pv_system_3_ss_calculation/SS_calculation/Mean/Model/Discrete Variable Time Delay/S-Function|NULL|7|1|1|1|S|S-Function sfun_discreteVariableDelay|0|
8=my_pv_system_3_ss_calculation/SS_calculation/Mean/Model/Unit Delay|NULL|8|1|1|1|S|UnitDelay|0|
9=my_pv_system_3_ss_calculation/SS_calculation/Mean/Model/Unit Delay1|NULL|9|1|1|1|S|UnitDelay|0|
nbSignals=33
[TimingStructure]
108=tArray
122=timeOfLastOutput
24=tFinal
4=clockTick0
5=clockTickH0
61=offsetTimesArray
67=perTaskSampleHitsArray
83=sampleHitArray
87=sampleTimesArray
90=sampleTimeTaskIDArray
93=simTimeStep
95=tStart
96=stepSize
97=stepSize0
99=stopRequestedFlag
[dwork]
0=Integ4_DSTATE|real_T|
1=UnitDelay_DSTATE|real_T|
13=SFunction_IWORK|IWORK|
14=SFunction_IWORK_f|IWORK|
15=SFunction_IWORK_n|IWORK|
16=Integ4_SYSTEM_ENABLE|uint8_T|
17=Integ4_SYSTEM_ENABLE_f|uint8_T|
2=UnitDelay1_DSTATE|real_T|
3=Integ4_DSTATE_e|real_T|
4=UnitDelay_DSTATE_l|real_T|
5=UnitDelay1_DSTATE_p|real_T|
6=SFunction_PreviousInput|real_T|
7=Memory_PreviousInput|real_T|
8=SFunction_RWORK|RWORK|
9=SFunction_RWORK_f|RWORK|
