[ModelDataStructure]
0=blkStateChange
135=zCCacheNeedsReset
27=derivCacheNeedsReset
[Parameter]
0=my_pv_system_1_sm_master/SM_master/Vs 14,400 V/Model/AC|Amplitude|Amplitude|Scalar|0|1|1|20364.675298172569|Sin|
1=my_pv_system_1_sm_master/SM_master/Vs 14,400 V/Model/AC|Frequency|2*pi*Frequency|Scalar|0|1|1|50.0|Sin|
10=my_pv_system_1_sm_master/SM_master/H-Bridge /Model/Tail/y=f(t)/Saturation1|UpperLimit|0.9|Scalar|0|1|1|0.9|Saturate|
11=my_pv_system_1_sm_master/SM_master/H-Bridge /Model/Tail/y=f(t)/Saturation1|LowerLimit|0|Scalar|0|1|1|0.0|Saturate|
12=my_pv_system_1_sm_master/SM_master/H-Bridge /Model/Tail/y=f(t)/Saturation2|UpperLimit|0.1|Scalar|0|1|1|0.1|Saturate|
13=my_pv_system_1_sm_master/SM_master/H-Bridge /Model/Tail/y=f(t)/Saturation2|LowerLimit|0|Scalar|0|1|1|0.0|Saturate|
14=my_pv_system_1_sm_master/SM_master/H-Bridge /Model/Tail/Unit Delay|InitialCondition|0|Scalar|0|1|1|0.0|UnitDelay|
15=my_pv_system_1_sm_master/SM_master/H-Bridge /Model/Tail/Switch|Threshold|0.5|Scalar|0|1|1|0.5|Switch|
16=my_pv_system_1_sm_master/SM_master/rtlab_send_subsystem/Subsystem5/Send5/S-Function|P1Size| |RVector|0|1|2|1.0|1.0|S-Function send_rt|
17=my_pv_system_1_sm_master/SM_master/rtlab_send_subsystem/Subsystem5/Send5/S-Function|P1|dest|Scalar|0|1|1|3.0|S-Function send_rt|
18=my_pv_system_1_sm_master/SM_master/rtlab_send_subsystem/Subsystem5/Send5/S-Function|P2Size| |RVector|0|1|2|1.0|1.0|S-Function send_rt|
19=my_pv_system_1_sm_master/SM_master/rtlab_send_subsystem/Subsystem5/Send5/S-Function|P2|priority2|Scalar|0|1|1|0.0|S-Function send_rt|
2=my_pv_system_1_sm_master/SM_master/Vs 14,400 V/Model/AC|Phase|Phase*pi/180|Scalar|0|1|1|0.0|Sin|
20=my_pv_system_1_sm_master/SM_master/rtlab_send_subsystem/Subsystem5/Send5/S-Function|P3Size| |RVector|0|1|2|1.0|1.0|S-Function send_rt|
21=my_pv_system_1_sm_master/SM_master/rtlab_send_subsystem/Subsystem5/Send5/S-Function|P3|st|Scalar|0|1|1|5.0E-5|S-Function send_rt|
22=my_pv_system_1_sm_master/OpCCode_do_not_touch/S-Function1|Value|0|Scalar|0|1|1|0.0|Constant|
23=my_pv_system_1_sm_master/OpCCode_do_not_touch/S-Function|X0|0|Scalar|0|1|1|0.0|Memory|
24=my_pv_system_1_sm_master/SM_master/Memory|X0|0|Scalar|0|1|1|0.0|Memory|
25=my_pv_system_1_sm_master/SM_master/Memory|X0|0|Scalar|0|1|1|0.0|Memory|
26=my_pv_system_1_sm_master/SM_master/Memory|X0|0|Scalar|0|1|1|0.0|Memory|
27=my_pv_system_1_sm_master/SM_master/Memory|X0|0|Scalar|0|1|1|0.0|Memory|
28=my_pv_system_1_sm_master/SM_master/Memory1|X0|0|Scalar|0|1|1|0.0|Memory|
29=my_pv_system_1_sm_master/SM_master/Memory1|X0|0|Scalar|0|1|1|0.0|Memory|
3=my_pv_system_1_sm_master/SM_master/H-Bridge /Model/Tail/2|Value|double(Tf+Tt>0)|Scalar|0|1|1|0.0|Constant|
30=my_pv_system_1_sm_master/SM_master/Memory1|X0|0|Scalar|0|1|1|0.0|Memory|
31=my_pv_system_1_sm_master/SM_master/Memory1|X0|0|Scalar|0|1|1|0.0|Memory|
32=my_pv_system_1_sm_master/SM_master/Memory1|X0|0|Scalar|0|1|1|0.0|Memory|
33=my_pv_system_1_sm_master/SM_master/rtlab_send_subsystem/Subsystem1/Send1/S-Function|P1Size| |RVector|0|1|2|1.0|1.0|S-Function OP_SEND|
34=my_pv_system_1_sm_master/SM_master/rtlab_send_subsystem/Subsystem1/Send1/S-Function|P1|Acqu_group|Scalar|0|1|1|1.0|S-Function OP_SEND|
35=my_pv_system_1_sm_master/SM_master/OpMonitor|P1Size| |RVector|0|1|2|1.0|1.0|S-Function opmonitor|
36=my_pv_system_1_sm_master/SM_master/OpMonitor|P1|compute_time|Scalar|0|1|1|1.0|S-Function opmonitor|
37=my_pv_system_1_sm_master/SM_master/OpMonitor|P2Size| |RVector|0|1|2|1.0|1.0|S-Function opmonitor|
38=my_pv_system_1_sm_master/SM_master/OpMonitor|P2|real_step|Scalar|0|1|1|1.0|S-Function opmonitor|
39=my_pv_system_1_sm_master/SM_master/OpMonitor|P3Size| |RVector|0|1|2|1.0|1.0|S-Function opmonitor|
4=my_pv_system_1_sm_master/SM_master/H-Bridge /Model/Tail/2|Value|double(Tf+Tt>0)|Scalar|0|1|1|0.0|Constant|
40=my_pv_system_1_sm_master/SM_master/OpMonitor|P3|idle_time|Scalar|0|1|1|1.0|S-Function opmonitor|
41=my_pv_system_1_sm_master/SM_master/OpMonitor|P4Size| |RVector|0|1|2|1.0|1.0|S-Function opmonitor|
42=my_pv_system_1_sm_master/SM_master/OpMonitor|P4|nb_overruns|Scalar|0|1|1|1.0|S-Function opmonitor|
43=my_pv_system_1_sm_master/SM_master/OpMonitor|P5Size| |RVector|0|1|2|1.0|1.0|S-Function opmonitor|
44=my_pv_system_1_sm_master/SM_master/OpMonitor|P5|user_time|Scalar|0|1|1|0.0|S-Function opmonitor|
45=my_pv_system_1_sm_master/SM_master/OpMonitor|P6Size| |RVector|0|1|2|1.0|32.0|S-Function opmonitor|
46=my_pv_system_1_sm_master/SM_master/OpMonitor|P6| |RVector|0|1|32|109.0|121.0|95.0|101.0|118.0|101.0|110.0|116.0|95.0|110.0|97.0|109.0|101.0|44.0|97.0|110.0|111.0|116.0|104.0|101.0|114.0|95.0|101.0|118.0|101.0|110.0|116.0|95.0|110.0|97.0|109.0|101.0|S-Function opmonitor|
47=my_pv_system_1_sm_master/SM_master/rtlab_send_subsystem/Subsystem2/Send2/S-Function|P1Size| |RVector|0|1|2|1.0|1.0|S-Function OP_SEND|
48=my_pv_system_1_sm_master/SM_master/rtlab_send_subsystem/Subsystem2/Send2/S-Function|P1|Acqu_group|Scalar|0|1|1|2.0|S-Function OP_SEND|
49=my_pv_system_1_sm_master/SM_master/H-Bridge /Model/Unit Delay|InitialCondition|0|Scalar|0|1|1|0.0|UnitDelay|
5=my_pv_system_1_sm_master/SM_master/H-Bridge /Model/Tail/itail|InitialOutput|0|Scalar|0|1|1|0.0|Outport|
50=my_pv_system_1_sm_master/SM_master/zzzOpComm1/Receive_1/S-Function|P1Size| |RVector|0|1|2|1.0|1.0|S-Function recv_rt|
51=my_pv_system_1_sm_master/SM_master/zzzOpComm1/Receive_1/S-Function|P1|src|Scalar|0|1|1|3.0|S-Function recv_rt|
52=my_pv_system_1_sm_master/SM_master/zzzOpComm1/Receive_1/S-Function|P2Size| |RVector|0|1|2|1.0|1.0|S-Function recv_rt|
53=my_pv_system_1_sm_master/SM_master/zzzOpComm1/Receive_1/S-Function|P2|Data_width|Scalar|0|1|1|4.0|S-Function recv_rt|
54=my_pv_system_1_sm_master/SM_master/zzzOpComm1/Receive_1/S-Function|P3Size| |RVector|0|1|2|1.0|1.0|S-Function recv_rt|
55=my_pv_system_1_sm_master/SM_master/zzzOpComm1/Receive_1/S-Function|P3|st|Scalar|0|1|1|5.0E-5|S-Function recv_rt|
56=my_pv_system_1_sm_master/SM_master/Vs 14,400 V/Model/AC|Bias|0|Scalar|0|1|1|0.0|Sin|
57=my_pv_system_1_sm_master/SM_master/Subsystem/Delay2|InitialCondition|0|Scalar|0|1|1|0.0|Delay|
58=my_pv_system_1_sm_master/SM_master/Subsystem/Delay1|InitialCondition|0|Scalar|0|1|1|0.0|Delay|
59=my_pv_system_1_sm_master/SM_master/CM2/do not delete this gain|Gain|1|Scalar|0|1|1|1.0|Gain|
6=my_pv_system_1_sm_master/SM_master/H-Bridge /Model/Tail/1|Value|1|Scalar|0|1|1|1.0|Constant|
60=my_pv_system_1_sm_master/SM_master/Vdc /do not delete this gain|Gain|1|Scalar|0|1|1|1.0|Gain|
61=my_pv_system_1_sm_master/SM_master/Vdc 1/do not delete this gain|Gain|1|Scalar|0|1|1|1.0|Gain|
62=my_pv_system_1_sm_master/SM_master/OpComm/Receive/S-Function|P1Size| |RVector|0|1|2|1.0|1.0|S-Function RECV_Param|
63=my_pv_system_1_sm_master/SM_master/OpComm/Receive/S-Function|P1|Data_width|Scalar|0|1|1|2.0|S-Function RECV_Param|
64=my_pv_system_1_sm_master/SM_master/OpComm/Receive/S-Function|P2Size| |RVector|0|1|2|2.0|1.0|S-Function RECV_Param|
65=my_pv_system_1_sm_master/SM_master/OpComm/Receive/S-Function|P2|InitialConditions|CVector|0|2|1|1000.0|25.0|S-Function RECV_Param|
66=my_pv_system_1_sm_master/SM_master/Subsystem/Constant1|Value|8.55|Scalar|0|1|1|8.55|Constant|
67=my_pv_system_1_sm_master/SM_master/Subsystem/Constant2|Value|37.4*14|Scalar|0|1|1|523.6|Constant|
68=my_pv_system_1_sm_master/SM_master/Subsystem/Constant3|Value|0.06|Scalar|0|1|1|0.06|Constant|
69=my_pv_system_1_sm_master/SM_master/Subsystem/Constant4|Value|60*14|Scalar|0|1|1|840.0|Constant|
7=my_pv_system_1_sm_master/SM_master/H-Bridge /Model/Tail/Discrete-Time Integrator|gainval| |Scalar|0|1|1|5.0E-5|DiscreteIntegrator|
70=my_pv_system_1_sm_master/SM_master/Subsystem/Current Measurement/do not delete this gain|Gain|1|Scalar|0|1|1|1.0|Gain|
71=my_pv_system_1_sm_master/SM_master/Subsystem/Delay|InitialCondition|37.4*14|Scalar|0|1|1|523.6|Delay|
72=my_pv_system_1_sm_master/SM_master/Subsystem/Voltage Measurement/do not delete this gain|Gain|1|Scalar|0|1|1|1.0|Gain|
73=my_pv_system_1_sm_master/SM_master/Subsystem/Voltage Measurement1/do not delete this gain|Gain|1|Scalar|0|1|1|1.0|Gain|
74=my_pv_system_1_sm_master/SM_master/H-Bridge /Model/0 4|Value|0|Scalar|0|1|1|0.0|Constant|
75=my_pv_system_1_sm_master/SM_master/H-Bridge /Model/1//Ron|Gain|1./Ron|Scalar|0|1|1|1000.0|Gain|
76=my_pv_system_1_sm_master/SM_master/H-Bridge /Model/Switch|Threshold|0.5|Scalar|0|1|1|0.5|Switch|
77=my_pv_system_1_sm_master/SM_master/H-Bridge /Model/Saturation|UpperLimit|inf|Scalar|0|1|1|0.0|Saturate|
78=my_pv_system_1_sm_master/SM_master/H-Bridge /Model/Saturation|LowerLimit|0|Scalar|0|1|1|0.0|Saturate|
79=my_pv_system_1_sm_master/SM_master/H-Bridge /Model/Vf 1/Vf Devices & Clamping Diodes|Value|Vf_SwitchOn|CVector|0|4|1|0.0|0.0|0.0|0.0|Constant|
8=my_pv_system_1_sm_master/SM_master/H-Bridge /Model/Tail/Discrete-Time Integrator|InitialCondition|0|Scalar|0|1|1|0.0|DiscreteIntegrator|
80=my_pv_system_1_sm_master/SM_master/H-Bridge /Model/Vf 1/Vf Diodes|Value|Vf_DiodeOn|CVector|0|4|1|-0.0|-0.0|-0.0|-0.0|Constant|
81=my_pv_system_1_sm_master/SM_master/GRID/CM2/do not delete this gain|Gain|1|Scalar|0|1|1|1.0|Gain|
82=my_pv_system_1_sm_master/SM_master/GRID/Vm2/do not delete this gain|Gain|1|Scalar|0|1|1|1.0|Gain|
83=my_pv_system_1_sm_master/SM_master/Subsystem/Delay2|DelayLength| |Scalar|7|1|1|1U|Delay|
84=my_pv_system_1_sm_master/SM_master/Subsystem/Delay1|DelayLength| |Scalar|7|1|1|1U|Delay|
85=my_pv_system_1_sm_master/SM_master/Subsystem/Delay|DelayLength| |Scalar|7|1|1|1U|Delay|
86=my_pv_system_1_sm_master/SM_master/H-Bridge /Model/2|Value|Tf_sps>0 _ Tt_sps>0|Scalar|8|1|1|false|Constant|
9=my_pv_system_1_sm_master/SM_master/H-Bridge /Model/Tail/y=f(t)/Constant|Value|0.9|Scalar|0|1|1|0.9|Constant|
nbParameters=87
[Signal]
0=my_pv_system_1_sm_master/OpCCode_do_not_touch/S-Function|NULL|0|1|1|1|S|Memory|0|
1=my_pv_system_1_sm_master/OpCCode_do_not_touch/Sum|NULL|1|1|1|1|S|Sum|0|
10=my_pv_system_1_sm_master/SM_master/Memory1|Ig|10|1|1|1|S|Memory|0|
11=my_pv_system_1_sm_master/SM_master/OpMonitor|NULL|11|1|1|1|S|S-Function opmonitor|0|
12=my_pv_system_1_sm_master/SM_master/OpMonitor|NULL|12|1|1|1|S|S-Function opmonitor|0|
13=my_pv_system_1_sm_master/SM_master/OpMonitor|NULL|13|1|1|1|S|S-Function opmonitor|0|
14=my_pv_system_1_sm_master/SM_master/OpMonitor|NULL|14|1|1|1|S|S-Function opmonitor|0|
15=my_pv_system_1_sm_master/SM_master/H-Bridge /Model/Unit Delay|NULL|15|4|4|1|V|UnitDelay|0|
16=my_pv_system_1_sm_master/SM_master/zzzOpComm1/Receive_1/S-Function|NULL|16|4|4|1|V|S-Function recv_rt|0|
17=my_pv_system_1_sm_master/SM_master/Vs 14,400 V/Model/AC|NULL|17|1|1|1|S|Sin|0|
18=my_pv_system_1_sm_master/SM_master/Subsystem/Delay2|I_Diode|18|1|1|1|S|Delay|0|
19=my_pv_system_1_sm_master/SM_master/Subsystem/Delay1|NULL|19|1|1|1|S|Delay|0|
2=my_pv_system_1_sm_master/SM_master/Memory|Irradiance(W/m^2)|2|1|1|1|S|Memory|0|
20=my_pv_system_1_sm_master/powergui/EquivalentModel1/State-Space|NULL|20|12|12|1|V|S-Function sfun_spssw_discc|0|
21=my_pv_system_1_sm_master/powergui/EquivalentModel1/State-Space|NULL|21|4|4|1|V|S-Function sfun_spssw_discc|0|
22=my_pv_system_1_sm_master/SM_master/CM2/do not delete this gain|NULL|22|1|1|1|S|Gain|0|
23=my_pv_system_1_sm_master/SM_master/Vdc /do not delete this gain|NULL|23|1|1|1|S|Gain|0|
24=my_pv_system_1_sm_master/SM_master/Vdc 1/do not delete this gain|NULL|24|1|1|1|S|Gain|0|
25=my_pv_system_1_sm_master/SM_master/OpComm/Receive/S-Function|NULL|25|2|2|1|V|S-Function RECV_Param|0|
26=my_pv_system_1_sm_master/SM_master/Subsystem/Current Measurement/do not delete this gain|NULL|26|1|1|1|S|Gain|0|
27=my_pv_system_1_sm_master/SM_master/Subsystem/Delay|NULL|27|1|1|1|S|Delay|0|
28=my_pv_system_1_sm_master/SM_master/Subsystem/Voltage Measurement/do not delete this gain|NULL|28|1|1|1|S|Gain|0|
29=my_pv_system_1_sm_master/SM_master/Subsystem/Voltage Measurement1/do not delete this gain|NULL|29|1|1|1|S|Gain|0|
3=my_pv_system_1_sm_master/SM_master/Memory|I_PV|3|1|1|1|S|Memory|0|
30=my_pv_system_1_sm_master/SM_master/H-Bridge /Model/1//Ron|NULL|30|4|4|1|V|Gain|0|
31=my_pv_system_1_sm_master/SM_master/H-Bridge /Model/Data Type Conversion|NULL|31|4|4|1|V|DataTypeConversion|0|
32=my_pv_system_1_sm_master/SM_master/H-Bridge /Model/Switch|NULL|32|4|4|1|V|Switch|0|
33=my_pv_system_1_sm_master/SM_master/H-Bridge /Model/Saturation|NULL|33|4|4|1|V|Saturate|0|
34=my_pv_system_1_sm_master/SM_master/H-Bridge /Model/Vf 1/Switch|NULL|34|4|4|1|V|Switch|0|
35=my_pv_system_1_sm_master/SM_master/GRID/CM2/do not delete this gain|NULL|35|1|1|1|S|Gain|0|
36=my_pv_system_1_sm_master/SM_master/GRID/Vm2/do not delete this gain|NULL|36|1|1|1|S|Gain|0|
37=my_pv_system_1_sm_master/SM_master/Subsystem/MATLAB Function|Iph|37|1|1|1|S|Stateflow|0|
38=my_pv_system_1_sm_master/SM_master/Subsystem/MATLAB Function|Io|38|1|1|1|S|Stateflow|0|
39=my_pv_system_1_sm_master/SM_master/H-Bridge /Model/Tail/2|NULL|39|1|1|1|S|Constant|0|
4=my_pv_system_1_sm_master/SM_master/Memory|V_PV|4|1|1|1|S|Memory|0|
40=my_pv_system_1_sm_master/SM_master/H-Bridge /Model/Tail/Discrete-Time Integrator|NULL|40|4|4|1|V|DiscreteIntegrator|0|
41=my_pv_system_1_sm_master/SM_master/H-Bridge /Model/Tail/y=f(t)/-0.9//Tf|NULL|41|4|4|1|V|Gain|0|
42=my_pv_system_1_sm_master/SM_master/H-Bridge /Model/Tail/y=f(t)/Add|NULL|42|4|4|1|V|Sum|0|
43=my_pv_system_1_sm_master/SM_master/H-Bridge /Model/Tail/y=f(t)/Saturation1|NULL|43|4|4|1|V|Saturate|0|
44=my_pv_system_1_sm_master/SM_master/H-Bridge /Model/Tail/y=f(t)/Add1|NULL|44|4|4|1|V|Sum|0|
45=my_pv_system_1_sm_master/SM_master/H-Bridge /Model/Tail/y=f(t)/0.1//Tt|NULL|45|4|4|1|V|Gain|0|
46=my_pv_system_1_sm_master/SM_master/H-Bridge /Model/Tail/y=f(t)/Saturation2|NULL|46|4|4|1|V|Saturate|0|
47=my_pv_system_1_sm_master/SM_master/H-Bridge /Model/Tail/y=f(t)/Add2|NULL|47|4|4|1|V|Sum|0|
48=my_pv_system_1_sm_master/SM_master/H-Bridge /Model/Tail/Unit Delay|NULL|48|4|4|1|V|UnitDelay|0|
49=my_pv_system_1_sm_master/SM_master/H-Bridge /Model/Tail/Switch|NULL|49|4|4|1|V|Switch|0|
5=my_pv_system_1_sm_master/SM_master/Memory|I_Diode|5|1|1|1|S|Memory|0|
50=my_pv_system_1_sm_master/SM_master/H-Bridge /Model/Tail/Product|NULL|50|4|4|1|V|Product|0|
6=my_pv_system_1_sm_master/SM_master/Memory1|Vinv|6|1|1|1|S|Memory|0|
7=my_pv_system_1_sm_master/SM_master/Memory1|Vdc|7|1|1|1|S|Memory|0|
8=my_pv_system_1_sm_master/SM_master/Memory1|Igrid|8|1|1|1|S|Memory|0|
9=my_pv_system_1_sm_master/SM_master/Memory1|Vgrid|9|1|1|1|S|Memory|0|
nbSignals=51
[TimingStructure]
100=sampleTimesArray
103=sampleTimeTaskIDArray
106=simTimeStep
108=tStart
109=stepSize
110=stepSize0
111=stepSize1
113=stopRequestedFlag
123=tArray
137=timeOfLastOutput
32=tFinal
4=clockTick0
5=clockTick1
6=clockTickH0
7=clockTickH1
74=offsetTimesArray
80=perTaskSampleHitsArray
96=sampleHitArray
[dwork]
0=UnitDelay_DSTATE|real_T|
1=Delay2_DSTATE|real_T|
10=Memory_3_PreviousInput|real_T|
11=Memory_4_PreviousInput|real_T|
12=Memory1_1_PreviousInput|real_T|
13=Memory1_2_PreviousInput|real_T|
14=Memory1_3_PreviousInput|real_T|
15=Memory1_4_PreviousInput|real_T|
16=Memory1_5_PreviousInput|real_T|
2=Delay1_DSTATE|real_T|
20=SFunction_IWORK|IWORK|
21=SFunction_IWORK_j|IWORK|
22=StateSpace_IWORK|IWORK|
23=SFunction_IWORK_g|IWORK|
24=DiscreteTimeIntegrator_PrevRese|int8_T|
25=Tail_MODE|boolean_T|
3=StateSpace_DSTATE|real_T|
4=Delay_DSTATE|real_T|
5=DiscreteTimeIntegrator_DSTATE|real_T|
6=UnitDelay_DSTATE_e|real_T|
7=SFunction_PreviousInput|real_T|
8=Memory_1_PreviousInput|real_T|
9=Memory_2_PreviousInput|real_T|
